[    3639ms] [VERBOSE] [DOM] Multiple forms should be contained in their own form elements; break up complex forms into ones that represent a single action: (More info: https://goo.gl/9p2vKq) %o @ https://apptourlfr-stg.estpl.net/home:0
[   56184ms] [VERBOSE] [DOM] Multiple forms should be contained in their own form elements; break up complex forms into ones that represent a single action: (More info: https://goo.gl/9p2vKq) %o @ https://apptourlfr-stg.estpl.net/home:0
[   59233ms] [VERBOSE] [DOM] Multiple forms should be contained in their own form elements; break up complex forms into ones that represent a single action: (More info: https://goo.gl/9p2vKq) %o @ https://apptourlfr-stg.estpl.net/home:0
[  123314ms] [VERBOSE] [DOM] Multiple forms should be contained in their own form elements; break up complex forms into ones that represent a single action: (More info: https://goo.gl/9p2vKq) %o @ https://apptourlfr-stg.estpl.net/home:0
[  125958ms] [VERBOSE] [DOM] Multiple forms should be contained in their own form elements; break up complex forms into ones that represent a single action: (More info: https://goo.gl/9p2vKq) %o @ https://apptourlfr-stg.estpl.net/web/guest/events:0
[  130072ms] [VERBOSE] [DOM] Multiple forms should be contained in their own form elements; break up complex forms into ones that represent a single action: (More info: https://goo.gl/9p2vKq) %o @ https://apptourlfr-stg.estpl.net/home:0
[  245359ms] [VERBOSE] [DOM] Multiple forms should be contained in their own form elements; break up complex forms into ones that represent a single action: (More info: https://goo.gl/9p2vKq) %o @ https://apptourlfr-stg.estpl.net/odisha-at-a-glance:0
[  251779ms] [VERBOSE] [DOM] Multiple forms should be contained in their own form elements; break up complex forms into ones that represent a single action: (More info: https://goo.gl/9p2vKq) %o @ https://apptourlfr-stg.estpl.net/home:0
[  263260ms] [VERBOSE] [DOM] Multiple forms should be contained in their own form elements; break up complex forms into ones that represent a single action: (More info: https://goo.gl/9p2vKq) %o @ https://apptourlfr-stg.estpl.net/iconic-odisha:0
[  272013ms] [VERBOSE] [DOM] Multiple forms should be contained in their own form elements; break up complex forms into ones that represent a single action: (More info: https://goo.gl/9p2vKq) %o @ https://apptourlfr-stg.estpl.net/home:0
[  272877ms] [VERBOSE] [DOM] Multiple forms should be contained in their own form elements; break up complex forms into ones that represent a single action: (More info: https://goo.gl/9p2vKq) %o @ https://apptourlfr-stg.estpl.net/heritage-architecture:0
[  278012ms] [VERBOSE] [DOM] Multiple forms should be contained in their own form elements; break up complex forms into ones that represent a single action: (More info: https://goo.gl/9p2vKq) %o @ https://apptourlfr-stg.estpl.net/home:0
[  279276ms] [VERBOSE] [DOM] Multiple forms should be contained in their own form elements; break up complex forms into ones that represent a single action: (More info: https://goo.gl/9p2vKq) %o @ https://apptourlfr-stg.estpl.net/spiritual-sacred-odisha:0
[  285094ms] [VERBOSE] [DOM] Multiple forms should be contained in their own form elements; break up complex forms into ones that represent a single action: (More info: https://goo.gl/9p2vKq) %o @ https://apptourlfr-stg.estpl.net/home:0
[  606767ms] [VERBOSE] [DOM] Multiple forms should be contained in their own form elements; break up complex forms into ones that represent a single action: (More info: https://goo.gl/9p2vKq) %o @ https://apptourlfr-stg.estpl.net/home:0
[  611647ms] [VERBOSE] [DOM] Multiple forms should be contained in their own form elements; break up complex forms into ones that represent a single action: (More info: https://goo.gl/9p2vKq) %o @ https://apptourlfr-stg.estpl.net/home:0
[  613057ms] [VERBOSE] [DOM] Multiple forms should be contained in their own form elements; break up complex forms into ones that represent a single action: (More info: https://goo.gl/9p2vKq) %o @ https://apptourlfr-stg.estpl.net/web/guest/visitor-registration:0
[  616757ms] [VERBOSE] [DOM] Multiple forms should be contained in their own form elements; break up complex forms into ones that represent a single action: (More info: https://goo.gl/9p2vKq) %o @ https://apptourlfr-stg.estpl.net/home:0
[  618329ms] [VERBOSE] [DOM] Input elements should have autocomplete attributes (suggested: "current-password"): (More info: https://goo.gl/9p2vKq) %o @ https://apptourlfr-stg.estpl.net/web/guest/administrator-login:0
[  621819ms] [VERBOSE] [DOM] Multiple forms should be contained in their own form elements; break up complex forms into ones that represent a single action: (More info: https://goo.gl/9p2vKq) %o @ https://apptourlfr-stg.estpl.net/home:0
[  622269ms] TypeError: Cannot read properties of null (reading 'value')
    at HTMLButtonElement.onclick (https://apptourlfr-stg.estpl.net/home:3427:328)
[  635602ms] TypeError: Cannot read properties of null (reading 'value')
    at HTMLButtonElement.onclick (https://apptourlfr-stg.estpl.net/home:3427:328)
[  691670ms] [VERBOSE] [DOM] Multiple forms should be contained in their own form elements; break up complex forms into ones that represent a single action: (More info: https://goo.gl/9p2vKq) %o @ https://apptourlfr-stg.estpl.net/web/guest/events:0
