Total messages: 1 (Errors: 0, Warnings: 0)
Returning 117 messages for level "info"

[VERBOSE] [DOM] Multiple forms should be contained in their own form elements; break up complex forms into ones that represent a single action: (More info: https://goo.gl/9p2vKq) %o @ https://apptourlfr-stg.estpl.net/home:0
[VERBOSE] [DOM] Multiple forms should be contained in their own form elements; break up complex forms into ones that represent a single action: (More info: https://goo.gl/9p2vKq) %o @ https://apptourlfr-stg.estpl.net/odisha-at-a-glance:0
[VERBOSE] [DOM] Multiple forms should be contained in their own form elements; break up complex forms into ones that represent a single action: (More info: https://goo.gl/9p2vKq) %o @ https://apptourlfr-stg.estpl.net/home:0
[VERBOSE] [DOM] Multiple forms should be contained in their own form elements; break up complex forms into ones that represent a single action: (More info: https://goo.gl/9p2vKq) %o @ https://apptourlfr-stg.estpl.net/iconic-odisha:0
[VERBOSE] [DOM] Multiple forms should be contained in their own form elements; break up complex forms into ones that represent a single action: (More info: https://goo.gl/9p2vKq) %o @ https://apptourlfr-stg.estpl.net/home:0
[VERBOSE] [DOM] Multiple forms should be contained in their own form elements; break up complex forms into ones that represent a single action: (More info: https://goo.gl/9p2vKq) %o @ https://apptourlfr-stg.estpl.net/heritage-architecture:0
[VERBOSE] [DOM] Multiple forms should be contained in their own form elements; break up complex forms into ones that represent a single action: (More info: https://goo.gl/9p2vKq) %o @ https://apptourlfr-stg.estpl.net/home:0
[VERBOSE] [DOM] Multiple forms should be contained in their own form elements; break up complex forms into ones that represent a single action: (More info: https://goo.gl/9p2vKq) %o @ https://apptourlfr-stg.estpl.net/spiritual-sacred-odisha:0
[VERBOSE] [DOM] Multiple forms should be contained in their own form elements; break up complex forms into ones that represent a single action: (More info: https://goo.gl/9p2vKq) %o @ https://apptourlfr-stg.estpl.net/home:0
[VERBOSE] [DOM] Multiple forms should be contained in their own form elements; break up complex forms into ones that represent a single action: (More info: https://goo.gl/9p2vKq) %o @ https://apptourlfr-stg.estpl.net/wildlife-sanctuaries-of-odisha:0
[VERBOSE] [DOM] Multiple forms should be contained in their own form elements; break up complex forms into ones that represent a single action: (More info: https://goo.gl/9p2vKq) %o @ https://apptourlfr-stg.estpl.net/home:0
[VERBOSE] [DOM] Multiple forms should be contained in their own form elements; break up complex forms into ones that represent a single action: (More info: https://goo.gl/9p2vKq) %o @ https://apptourlfr-stg.estpl.net/coastal-getaway:0
[VERBOSE] [DOM] Multiple forms should be contained in their own form elements; break up complex forms into ones that represent a single action: (More info: https://goo.gl/9p2vKq) %o @ https://apptourlfr-stg.estpl.net/home:0
[VERBOSE] [DOM] Multiple forms should be contained in their own form elements; break up complex forms into ones that represent a single action: (More info: https://goo.gl/9p2vKq) %o @ https://apptourlfr-stg.estpl.net/tribal-odisha:0
[VERBOSE] [DOM] Multiple forms should be contained in their own form elements; break up complex forms into ones that represent a single action: (More info: https://goo.gl/9p2vKq) %o @ https://apptourlfr-stg.estpl.net/home:0
[VERBOSE] [DOM] Multiple forms should be contained in their own form elements; break up complex forms into ones that represent a single action: (More info: https://goo.gl/9p2vKq) %o @ https://apptourlfr-stg.estpl.net/arts-crafts-handloom:0
[VERBOSE] [DOM] Multiple forms should be contained in their own form elements; break up complex forms into ones that represent a single action: (More info: https://goo.gl/9p2vKq) %o @ https://apptourlfr-stg.estpl.net/home:0
[VERBOSE] [DOM] Multiple forms should be contained in their own form elements; break up complex forms into ones that represent a single action: (More info: https://goo.gl/9p2vKq) %o @ https://apptourlfr-stg.estpl.net/festival-celebrations:0
[VERBOSE] [DOM] Multiple forms should be contained in their own form elements; break up complex forms into ones that represent a single action: (More info: https://goo.gl/9p2vKq) %o @ https://apptourlfr-stg.estpl.net/home:0
[VERBOSE] [DOM] Multiple forms should be contained in their own form elements; break up complex forms into ones that represent a single action: (More info: https://goo.gl/9p2vKq) %o @ https://apptourlfr-stg.estpl.net/cuisine-culinary-trails:0
[VERBOSE] [DOM] Multiple forms should be contained in their own form elements; break up complex forms into ones that represent a single action: (More info: https://goo.gl/9p2vKq) %o @ https://apptourlfr-stg.estpl.net/home:0
[VERBOSE] [DOM] Multiple forms should be contained in their own form elements; break up complex forms into ones that represent a single action: (More info: https://goo.gl/9p2vKq) %o @ https://apptourlfr-stg.estpl.net/eco-tourism:0
[VERBOSE] [DOM] Multiple forms should be contained in their own form elements; break up complex forms into ones that represent a single action: (More info: https://goo.gl/9p2vKq) %o @ https://apptourlfr-stg.estpl.net/home:0
[VERBOSE] [DOM] Multiple forms should be contained in their own form elements; break up complex forms into ones that represent a single action: (More info: https://goo.gl/9p2vKq) %o @ https://apptourlfr-stg.estpl.net/tribal-rural-village-life:0
[VERBOSE] [DOM] Multiple forms should be contained in their own form elements; break up complex forms into ones that represent a single action: (More info: https://goo.gl/9p2vKq) %o @ https://apptourlfr-stg.estpl.net/home:0
[VERBOSE] [DOM] Multiple forms should be contained in their own form elements; break up complex forms into ones that represent a single action: (More info: https://goo.gl/9p2vKq) %o @ https://apptourlfr-stg.estpl.net/adventure-outdoor:0
[VERBOSE] [DOM] Multiple forms should be contained in their own form elements; break up complex forms into ones that represent a single action: (More info: https://goo.gl/9p2vKq) %o @ https://apptourlfr-stg.estpl.net/home:0
[VERBOSE] [DOM] Multiple forms should be contained in their own form elements; break up complex forms into ones that represent a single action: (More info: https://goo.gl/9p2vKq) %o @ https://apptourlfr-stg.estpl.net/culture-music-dance:0
[VERBOSE] [DOM] Multiple forms should be contained in their own form elements; break up complex forms into ones that represent a single action: (More info: https://goo.gl/9p2vKq) %o @ https://apptourlfr-stg.estpl.net/home:0
[VERBOSE] [DOM] Multiple forms should be contained in their own form elements; break up complex forms into ones that represent a single action: (More info: https://goo.gl/9p2vKq) %o @ https://apptourlfr-stg.estpl.net/odisha-walks:0
[VERBOSE] [DOM] Multiple forms should be contained in their own form elements; break up complex forms into ones that represent a single action: (More info: https://goo.gl/9p2vKq) %o @ https://apptourlfr-stg.estpl.net/home:0
[VERBOSE] [DOM] Multiple forms should be contained in their own form elements; break up complex forms into ones that represent a single action: (More info: https://goo.gl/9p2vKq) %o @ https://apptourlfr-stg.estpl.net/sports-tourism:0
[VERBOSE] [DOM] Multiple forms should be contained in their own form elements; break up complex forms into ones that represent a single action: (More info: https://goo.gl/9p2vKq) %o @ https://apptourlfr-stg.estpl.net/home:0
[VERBOSE] [DOM] Multiple forms should be contained in their own form elements; break up complex forms into ones that represent a single action: (More info: https://goo.gl/9p2vKq) %o @ https://apptourlfr-stg.estpl.net/east-odisha:0
[VERBOSE] [DOM] Multiple forms should be contained in their own form elements; break up complex forms into ones that represent a single action: (More info: https://goo.gl/9p2vKq) %o @ https://apptourlfr-stg.estpl.net/home:0
[WARNING] Swiper Loop Warning: The number of slides is not enough for loop mode, it will be disabled or not function properly. You need to add more slides (or make duplicates) or lower the values of slidesPerView and slidesPerGroup parameters @ https://apptourlfr-stg.estpl.net/o/odisha-tourism-global-js/swiper/swiper-bundle.min.js:12
[VERBOSE] [DOM] Multiple forms should be contained in their own form elements; break up complex forms into ones that represent a single action: (More info: https://goo.gl/9p2vKq) %o @ https://apptourlfr-stg.estpl.net/center-odisha:0
[WARNING] Swiper Loop Warning: The number of slides is not enough for loop mode, it will be disabled or not function properly. You need to add more slides (or make duplicates) or lower the values of slidesPerView and slidesPerGroup parameters @ https://apptourlfr-stg.estpl.net/o/odisha-tourism-global-js/swiper/swiper-bundle.min.js:12
[VERBOSE] [DOM] Multiple forms should be contained in their own form elements; break up complex forms into ones that represent a single action: (More info: https://goo.gl/9p2vKq) %o @ https://apptourlfr-stg.estpl.net/home:0
[WARNING] Swiper Loop Warning: The number of slides is not enough for loop mode, it will be disabled or not function properly. You need to add more slides (or make duplicates) or lower the values of slidesPerView and slidesPerGroup parameters @ https://apptourlfr-stg.estpl.net/o/odisha-tourism-global-js/swiper/swiper-bundle.min.js:12
[VERBOSE] [DOM] Multiple forms should be contained in their own form elements; break up complex forms into ones that represent a single action: (More info: https://goo.gl/9p2vKq) %o @ https://apptourlfr-stg.estpl.net/northern-odisha:0
[WARNING] Swiper Loop Warning: The number of slides is not enough for loop mode, it will be disabled or not function properly. You need to add more slides (or make duplicates) or lower the values of slidesPerView and slidesPerGroup parameters @ https://apptourlfr-stg.estpl.net/o/odisha-tourism-global-js/swiper/swiper-bundle.min.js:12
[VERBOSE] [DOM] Multiple forms should be contained in their own form elements; break up complex forms into ones that represent a single action: (More info: https://goo.gl/9p2vKq) %o @ https://apptourlfr-stg.estpl.net/home:0
[WARNING] Swiper Loop Warning: The number of slides is not enough for loop mode, it will be disabled or not function properly. You need to add more slides (or make duplicates) or lower the values of slidesPerView and slidesPerGroup parameters @ https://apptourlfr-stg.estpl.net/o/odisha-tourism-global-js/swiper/swiper-bundle.min.js:12
[VERBOSE] [DOM] Multiple forms should be contained in their own form elements; break up complex forms into ones that represent a single action: (More info: https://goo.gl/9p2vKq) %o @ https://apptourlfr-stg.estpl.net/western-odisha:0
[WARNING] Swiper Loop Warning: The number of slides is not enough for loop mode, it will be disabled or not function properly. You need to add more slides (or make duplicates) or lower the values of slidesPerView and slidesPerGroup parameters @ https://apptourlfr-stg.estpl.net/o/odisha-tourism-global-js/swiper/swiper-bundle.min.js:12
[VERBOSE] [DOM] Multiple forms should be contained in their own form elements; break up complex forms into ones that represent a single action: (More info: https://goo.gl/9p2vKq) %o @ https://apptourlfr-stg.estpl.net/home:0
[WARNING] Swiper Loop Warning: The number of slides is not enough for loop mode, it will be disabled or not function properly. You need to add more slides (or make duplicates) or lower the values of slidesPerView and slidesPerGroup parameters @ https://apptourlfr-stg.estpl.net/o/odisha-tourism-global-js/swiper/swiper-bundle.min.js:12
[VERBOSE] [DOM] Multiple forms should be contained in their own form elements; break up complex forms into ones that represent a single action: (More info: https://goo.gl/9p2vKq) %o @ https://apptourlfr-stg.estpl.net/southern-odisha:0
[WARNING] Swiper Loop Warning: The number of slides is not enough for loop mode, it will be disabled or not function properly. You need to add more slides (or make duplicates) or lower the values of slidesPerView and slidesPerGroup parameters @ https://apptourlfr-stg.estpl.net/o/odisha-tourism-global-js/swiper/swiper-bundle.min.js:12
[VERBOSE] [DOM] Multiple forms should be contained in their own form elements; break up complex forms into ones that represent a single action: (More info: https://goo.gl/9p2vKq) %o @ https://apptourlfr-stg.estpl.net/home:0
[VERBOSE] [DOM] Multiple forms should be contained in their own form elements; break up complex forms into ones that represent a single action: (More info: https://goo.gl/9p2vKq) %o @ https://apptourlfr-stg.estpl.net/tourist-destinations:0
[VERBOSE] [DOM] Multiple forms should be contained in their own form elements; break up complex forms into ones that represent a single action: (More info: https://goo.gl/9p2vKq) %o @ https://apptourlfr-stg.estpl.net/home:0
[VERBOSE] [DOM] Multiple forms should be contained in their own form elements; break up complex forms into ones that represent a single action: (More info: https://goo.gl/9p2vKq) %o @ https://apptourlfr-stg.estpl.net/tourist-places:0
[VERBOSE] [DOM] Multiple forms should be contained in their own form elements; break up complex forms into ones that represent a single action: (More info: https://goo.gl/9p2vKq) %o @ https://apptourlfr-stg.estpl.net/home:0
[ERROR] Failed to load resource: net::ERR_HTTP2_PROTOCOL_ERROR @ https://loremflickr.com/cache/resized/65535_53827051522_6a36f90092_c_600_400_nofilter.jpg:0
[VERBOSE] [DOM] Multiple forms should be contained in their own form elements; break up complex forms into ones that represent a single action: (More info: https://goo.gl/9p2vKq) %o @ https://apptourlfr-stg.estpl.net/best-time-to-visit:0
[VERBOSE] [DOM] Multiple forms should be contained in their own form elements; break up complex forms into ones that represent a single action: (More info: https://goo.gl/9p2vKq) %o @ https://apptourlfr-stg.estpl.net/home:0
[VERBOSE] [DOM] Multiple forms should be contained in their own form elements; break up complex forms into ones that represent a single action: (More info: https://goo.gl/9p2vKq) %o @ https://apptourlfr-stg.estpl.net/weather-climate:0
[VERBOSE] [DOM] Multiple forms should be contained in their own form elements; break up complex forms into ones that represent a single action: (More info: https://goo.gl/9p2vKq) %o @ https://apptourlfr-stg.estpl.net/home:0
[VERBOSE] [DOM] Multiple forms should be contained in their own form elements; break up complex forms into ones that represent a single action: (More info: https://goo.gl/9p2vKq) %o @ https://apptourlfr-stg.estpl.net/how-to-reach-odisha:0
[VERBOSE] [DOM] Multiple forms should be contained in their own form elements; break up complex forms into ones that represent a single action: (More info: https://goo.gl/9p2vKq) %o @ https://apptourlfr-stg.estpl.net/home:0
[VERBOSE] [DOM] Multiple forms should be contained in their own form elements; break up complex forms into ones that represent a single action: (More info: https://goo.gl/9p2vKq) %o @ https://apptourlfr-stg.estpl.net/getting-around-odisha:0
[VERBOSE] [DOM] Multiple forms should be contained in their own form elements; break up complex forms into ones that represent a single action: (More info: https://goo.gl/9p2vKq) %o @ https://apptourlfr-stg.estpl.net/home:0
[VERBOSE] [DOM] Multiple forms should be contained in their own form elements; break up complex forms into ones that represent a single action: (More info: https://goo.gl/9p2vKq) %o @ https://apptourlfr-stg.estpl.net/currency-converter:0
[VERBOSE] [DOM] Multiple forms should be contained in their own form elements; break up complex forms into ones that represent a single action: (More info: https://goo.gl/9p2vKq) %o @ https://apptourlfr-stg.estpl.net/home:0
[ERROR] Map elements not found @ https://apptourlfr-stg.estpl.net/tourist-map:2020
[VERBOSE] [DOM] Multiple forms should be contained in their own form elements; break up complex forms into ones that represent a single action: (More info: https://goo.gl/9p2vKq) %o @ https://apptourlfr-stg.estpl.net/home:0
[VERBOSE] [DOM] Multiple forms should be contained in their own form elements; break up complex forms into ones that represent a single action: (More info: https://goo.gl/9p2vKq) %o @ https://apptourlfr-stg.estpl.net/otdc-panthanivas:0
[VERBOSE] [DOM] Multiple forms should be contained in their own form elements; break up complex forms into ones that represent a single action: (More info: https://goo.gl/9p2vKq) %o @ https://apptourlfr-stg.estpl.net/home:0
[VERBOSE] [DOM] Multiple forms should be contained in their own form elements; break up complex forms into ones that represent a single action: (More info: https://goo.gl/9p2vKq) %o @ https://apptourlfr-stg.estpl.net/eco-retreats:0
[VERBOSE] [DOM] Multiple forms should be contained in their own form elements; break up complex forms into ones that represent a single action: (More info: https://goo.gl/9p2vKq) %o @ https://apptourlfr-stg.estpl.net/home:0
[VERBOSE] [DOM] Multiple forms should be contained in their own form elements; break up complex forms into ones that represent a single action: (More info: https://goo.gl/9p2vKq) %o @ https://apptourlfr-stg.estpl.net/nature-camps:0
[VERBOSE] [DOM] Multiple forms should be contained in their own form elements; break up complex forms into ones that represent a single action: (More info: https://goo.gl/9p2vKq) %o @ https://apptourlfr-stg.estpl.net/home:0
[VERBOSE] [DOM] Multiple forms should be contained in their own form elements; break up complex forms into ones that represent a single action: (More info: https://goo.gl/9p2vKq) %o @ https://apptourlfr-stg.estpl.net/hotels:0
[VERBOSE] [DOM] Multiple forms should be contained in their own form elements; break up complex forms into ones that represent a single action: (More info: https://goo.gl/9p2vKq) %o @ https://apptourlfr-stg.estpl.net/home:0
[VERBOSE] [DOM] Multiple forms should be contained in their own form elements; break up complex forms into ones that represent a single action: (More info: https://goo.gl/9p2vKq) %o @ https://apptourlfr-stg.estpl.net/heritage-properties:0
[ERROR] Failed to load resource: the server responded with a status of 404 () @ https://img.youtube.com/vi/-aPINUood2M/maxresdefault.jpg:0
[VERBOSE] [DOM] Multiple forms should be contained in their own form elements; break up complex forms into ones that represent a single action: (More info: https://goo.gl/9p2vKq) %o @ https://apptourlfr-stg.estpl.net/home:0
[VERBOSE] [DOM] Multiple forms should be contained in their own form elements; break up complex forms into ones that represent a single action: (More info: https://goo.gl/9p2vKq) %o @ https://apptourlfr-stg.estpl.net/tourist-offices:0
[VERBOSE] [DOM] Multiple forms should be contained in their own form elements; break up complex forms into ones that represent a single action: (More info: https://goo.gl/9p2vKq) %o @ https://apptourlfr-stg.estpl.net/home:0
[VERBOSE] [DOM] Multiple forms should be contained in their own form elements; break up complex forms into ones that represent a single action: (More info: https://goo.gl/9p2vKq) %o @ https://apptourlfr-stg.estpl.net/tour-operators:0
[VERBOSE] [DOM] Multiple forms should be contained in their own form elements; break up complex forms into ones that represent a single action: (More info: https://goo.gl/9p2vKq) %o @ https://apptourlfr-stg.estpl.net/home:0
[VERBOSE] [DOM] Multiple forms should be contained in their own form elements; break up complex forms into ones that represent a single action: (More info: https://goo.gl/9p2vKq) %o @ https://apptourlfr-stg.estpl.net/hospitals-list:0
[VERBOSE] [DOM] Multiple forms should be contained in their own form elements; break up complex forms into ones that represent a single action: (More info: https://goo.gl/9p2vKq) %o @ https://apptourlfr-stg.estpl.net/home:0
[VERBOSE] [DOM] Multiple forms should be contained in their own form elements; break up complex forms into ones that represent a single action: (More info: https://goo.gl/9p2vKq) %o @ https://apptourlfr-stg.estpl.net/feedbackandsuggestions:0
[VERBOSE] [DOM] Multiple forms should be contained in their own form elements; break up complex forms into ones that represent a single action: (More info: https://goo.gl/9p2vKq) %o @ https://apptourlfr-stg.estpl.net/home:0
[VERBOSE] [DOM] Multiple forms should be contained in their own form elements; break up complex forms into ones that represent a single action: (More info: https://goo.gl/9p2vKq) %o @ https://apptourlfr-stg.estpl.net/way-side-amenities:0
[VERBOSE] [DOM] Multiple forms should be contained in their own form elements; break up complex forms into ones that represent a single action: (More info: https://goo.gl/9p2vKq) %o @ https://apptourlfr-stg.estpl.net/home:0
[VERBOSE] [DOM] Multiple forms should be contained in their own form elements; break up complex forms into ones that represent a single action: (More info: https://goo.gl/9p2vKq) %o @ https://apptourlfr-stg.estpl.net/dos-donts:0
[VERBOSE] [DOM] Multiple forms should be contained in their own form elements; break up complex forms into ones that represent a single action: (More info: https://goo.gl/9p2vKq) %o @ https://apptourlfr-stg.estpl.net/home:0
[VERBOSE] [DOM] Multiple forms should be contained in their own form elements; break up complex forms into ones that represent a single action: (More info: https://goo.gl/9p2vKq) %o @ https://apptourlfr-stg.estpl.net/responsible-tourism-guidelines:0
[VERBOSE] [DOM] Multiple forms should be contained in their own form elements; break up complex forms into ones that represent a single action: (More info: https://goo.gl/9p2vKq) %o @ https://apptourlfr-stg.estpl.net/home:0
[VERBOSE] [DOM] Multiple forms should be contained in their own form elements; break up complex forms into ones that represent a single action: (More info: https://goo.gl/9p2vKq) %o @ https://apptourlfr-stg.estpl.net/safety-advisories:0
[VERBOSE] [DOM] Multiple forms should be contained in their own form elements; break up complex forms into ones that represent a single action: (More info: https://goo.gl/9p2vKq) %o @ https://apptourlfr-stg.estpl.net/home:0
[VERBOSE] [DOM] Multiple forms should be contained in their own form elements; break up complex forms into ones that represent a single action: (More info: https://goo.gl/9p2vKq) %o @ https://apptourlfr-stg.estpl.net/light-sound-shows:0
[VERBOSE] [DOM] Multiple forms should be contained in their own form elements; break up complex forms into ones that represent a single action: (More info: https://goo.gl/9p2vKq) %o @ https://apptourlfr-stg.estpl.net/home:0
[VERBOSE] [DOM] Multiple forms should be contained in their own form elements; break up complex forms into ones that represent a single action: (More info: https://goo.gl/9p2vKq) %o @ https://apptourlfr-stg.estpl.net/mahendragiri:0
[VERBOSE] [DOM] Multiple forms should be contained in their own form elements; break up complex forms into ones that represent a single action: (More info: https://goo.gl/9p2vKq) %o @ https://apptourlfr-stg.estpl.net/home:0
[VERBOSE] [DOM] Multiple forms should be contained in their own form elements; break up complex forms into ones that represent a single action: (More info: https://goo.gl/9p2vKq) %o @ https://apptourlfr-stg.estpl.net/ratha-jatra-2026:0
[VERBOSE] [DOM] Multiple forms should be contained in their own form elements; break up complex forms into ones that represent a single action: (More info: https://goo.gl/9p2vKq) %o @ https://apptourlfr-stg.estpl.net/home:0
[VERBOSE] [DOM] Multiple forms should be contained in their own form elements; break up complex forms into ones that represent a single action: (More info: https://goo.gl/9p2vKq) %o @ https://apptourlfr-stg.estpl.net/konark-festival:0
[VERBOSE] [DOM] Multiple forms should be contained in their own form elements; break up complex forms into ones that represent a single action: (More info: https://goo.gl/9p2vKq) %o @ https://apptourlfr-stg.estpl.net/home:0
[VERBOSE] [DOM] Multiple forms should be contained in their own form elements; break up complex forms into ones that represent a single action: (More info: https://goo.gl/9p2vKq) %o @ https://apptourlfr-stg.estpl.net/national-chilika-bird-festival:0
[VERBOSE] [DOM] Multiple forms should be contained in their own form elements; break up complex forms into ones that represent a single action: (More info: https://goo.gl/9p2vKq) %o @ https://apptourlfr-stg.estpl.net/home:0
[VERBOSE] [DOM] Multiple forms should be contained in their own form elements; break up complex forms into ones that represent a single action: (More info: https://goo.gl/9p2vKq) %o @ https://apptourlfr-stg.estpl.net/international-sand-art-festival:0
[VERBOSE] [DOM] Multiple forms should be contained in their own form elements; break up complex forms into ones that represent a single action: (More info: https://goo.gl/9p2vKq) %o @ https://apptourlfr-stg.estpl.net/home:0
[VERBOSE] [DOM] Multiple forms should be contained in their own form elements; break up complex forms into ones that represent a single action: (More info: https://goo.gl/9p2vKq) %o @ https://apptourlfr-stg.estpl.net/odisha-parab:0
[VERBOSE] [DOM] Multiple forms should be contained in their own form elements; break up complex forms into ones that represent a single action: (More info: https://goo.gl/9p2vKq) %o @ https://apptourlfr-stg.estpl.net/home:0
[VERBOSE] [DOM] Multiple forms should be contained in their own form elements; break up complex forms into ones that represent a single action: (More info: https://goo.gl/9p2vKq) %o @ https://apptourlfr-stg.estpl.net/home:0
[VERBOSE] [DOM] Multiple forms should be contained in their own form elements; break up complex forms into ones that represent a single action: (More info: https://goo.gl/9p2vKq) %o @ https://apptourlfr-stg.estpl.net/home:0
[VERBOSE] [DOM] Multiple forms should be contained in their own form elements; break up complex forms into ones that represent a single action: (More info: https://goo.gl/9p2vKq) %o @ https://apptourlfr-stg.estpl.net/currency-converter:0
ReferenceError: Swiper is not defined
    at https://apptourlfr-stg.estpl.net/o/odisha-tourism-global-js/global.js:996:5
    at NodeList.forEach (<anonymous>)
    at https://apptourlfr-stg.estpl.net/o/odisha-tourism-global-js/global.js:953:38
ReferenceError: Swiper is not defined
    at https://apptourlfr-stg.estpl.net/o/odisha-tourism-global-js/global.js:996:5
    at NodeList.forEach (<anonymous>)
    at https://apptourlfr-stg.estpl.net/o/odisha-tourism-global-js/global.js:953:38
ReferenceError: Swiper is not defined
    at https://apptourlfr-stg.estpl.net/o/odisha-tourism-global-js/global.js:996:5
    at NodeList.forEach (<anonymous>)
    at https://apptourlfr-stg.estpl.net/o/odisha-tourism-global-js/global.js:953:38
ReferenceError: Swiper is not defined
    at https://apptourlfr-stg.estpl.net/o/odisha-tourism-global-js/global.js:996:5
    at NodeList.forEach (<anonymous>)
    at https://apptourlfr-stg.estpl.net/o/odisha-tourism-global-js/global.js:953:38
ReferenceError: Swiper is not defined
    at https://apptourlfr-stg.estpl.net/o/odisha-tourism-global-js/global.js:996:5
    at NodeList.forEach (<anonymous>)
    at https://apptourlfr-stg.estpl.net/o/odisha-tourism-global-js/global.js:953:38